
> drivers-academy@1.0.0 build
> vite build

[36mvite v7.3.1 [32mbuilding client environment for production...[36m[39m
transforming...
[32mΓ£ô[39m 4 modules transformed.
Γ£ù Build failed in 475ms
error during build:
[vite:build-html] Failed to resolve ./nav.js from C:/flutter_projects/jkssbtab/index.html
file: C:/flutter_projects/jkssbtab/index.html
    at file:///C:/flutter_projects/jkssbtab/node_modules/vite/dist/node/chunks/config.js:23919:64
    at async Promise.all (index 2)
    at async Object.handler (file:///C:/flutter_projects/jkssbtab/node_modules/vite/dist/node/chunks/config.js:24016:5)
    at async transform (file:///C:/flutter_projects/jkssbtab/node_modules/rollup/dist/es/shared/node-entry.js:21269:16)
    at async ModuleLoader.addModuleSource (file:///C:/flutter_projects/jkssbtab/node_modules/rollup/dist/es/shared/node-entry.js:21497:36)
